# VISUALIZERROOT = '/mnt/apps/public/COE/mg_apps/questa2024.2/questasim/linux_x86_64/VisualizerRls'
# USER = 'rsheth'
# Siemens software version 2024.2 (Build on May 20 2024)
# Unpublished work. Copyright 2025 Siemens

# vsim -64 -onfinish stop -classdebug -uvmcontrol=all -msgmode both -permit_unmatched_virtual_intf -sv_seed 123456 -msglimit error -msglimitcount 20 -qwavedb=+signal+memory=1024+report+parameter+class+assertion+uvm_schematic+msg+classmemory=1024+statictaskfunc -lib qrun.out/work -visualizer=design.bin -do {set IterationLimit 140000; set NoQuitOnFinish 1; coverage attribute -name TESTNAME -value test_top; coverage save -onexit test_top.ucdb; do wave.do} -statslog qrun.out/stats_log qrun_opt -appendlog -l run.log
# vsim -64 -onfinish stop -classdebug -uvmcontrol=all -msgmode both -permit_unmatched_virtual_intf -sv_seed 123456 -msglimit error -msglimitcount 20 -qwavedb=+livesim+signal+memory=1024+report+parameter+class+assertion+uvm_schematic+msg+classmemory=1024+statictaskfunc -lib qrun.out/work -visualizer=design.bin -statslog qrun.out/stats_log qrun_opt -appendlog "+no_qwavedb_threading" 
# Start time: 10:35:12 on Feb 14,2025
# Loading Siemens Visualizer shared object '/mnt/apps/public/COE/mg_apps/questa2024.2/questasim/bin/../linux_x86_64/VisualizerRls/bin/libqvisualizer.so'

# Initiating qwavedb class logging


# Done initiating qwavedb class logging
# //  Questa Sim-64
# //  Version 2024.2 linux_x86_64 May 20 2024
# //
# // Unpublished work. Copyright 2024 Siemens
# //
# // This material contains trade secrets or otherwise confidential information
# // owned by Siemens Industry Software Inc. or its affiliates (collectively,
# // "SISW"), or its licensors. Access to and use of this information is strictly
# // limited as set forth in the Customer's applicable agreements with SISW.
# //
# // This material may not be copied, distributed, or otherwise disclosed outside
# // of the Customer's facilities without the express written permission of SISW,
# // and may not be used in any way not expressly authorized by SISW.
# //
# Loading sv_std.std
# Loading work.top(fast)
# Loading std.standard
# Loading std.textio(body)
# Loading ieee.std_logic_1164(body)
# Loading ieee.numeric_std(body)
# Loading work.iicmb_pkg(body)
# Loading work.iicmb_m_wb(str)#1
# Loading work.iicmb_int_pkg(body)
# Loading work.iicmb_m(str)#1

# 10:35:16: Loading design data...
# 10:35:16: Loaded  design units
# 10:35:16: Loaded  design hierarchy
# Warning: The wave file cannot be loaded because either the simulation has not yet logged any data, or qwavedb logging has not been enabled.
# set IterationLimit 140000
# 140000
# set NoQuitOnFinish 1
# 1
# coverage attribute -name TESTNAME -value test_top

# coverage save -onexit test_top.ucdb

# do wave.do
# 10:35:19: Loading waveform header...
# 10:35:19: Loaded  waveform header
# Static tasks and functions will be logged.
# Qwave threading will not be used.
# 	Arrays of 1 unpacked dimension inside classes will be logged if they have 1024 or fewer elements
# qwavedb_dumpvars: Initiating qwavedb class logging
# 
# 	Loading class filter file '/mnt/apps/public/COE/mg_apps/questa2024.2/questasim/bin/../linux_x86_64/VisualizerRls/bin/../config/uvmclassfilter.txt'
# 
# qwavedb_dumpvars: Done initiating qwavedb class logging
# 	Arrays of 1 unpacked dimension will be logged if they have 1024 or fewer elements
# qwavedb_dumpvars: Initiating qwavedb waveform capturing
# 
# Info: Enabling parallel (multi-threaded) wave dumping.
# 
# qwavedb_dumpvars: Done initiating qwavedb waveform capturing
# 

run 1800ns
# user write address transferred: 0x0
# 
# user data transferred: 0xc0
# 
# user write address transferred: 0x1
# 
# user data transferred: 0x05
# 
# user write address transferred: 0x2
# 
# user data transferred: 0x06
# 
# ERROR 
# user read address transferred: 0x2
# 
# user data transferred: 0x16
# 
# user write address transferred: 0x2
# 
# user data transferred: 0x04
# 
# Source file /mnt/ncsudrive/r/rsheth/ASIC_VERIF/ece745_projects/project_benches/lab_1/testbench/top.sv is more recent than the design data
restart -f
# qwavedb_dumpvars : Simulation ending at [0 180000] 0
# ========= Visualizer Dump Summary report =========
# 	 #Design Ids       = 129
# 	 #Assertion Ids    = 3
# 	 #Message Ids      = 2
# 	 #Total Ids        = 140
# 	 #Swaps            = 6
# 	  Id Memory        = 13.44 KB
# 	  Swap Memory      = 50.00 MB
# ========= End of Visualizer Dump Summary report =========
# Loading work.top(fast)
# Loading Siemens Visualizer shared object '/mnt/apps/public/COE/mg_apps/questa2024.2/questasim/bin/../linux_x86_64/VisualizerRls/bin/libqvisualizer.so'

# Initiating qwavedb class logging


# Done initiating qwavedb class logging
# qwavedb_dumpvars: Initiating qwavedb waveform capturing
# 
# Static tasks and functions will be logged.
# Qwave threading will not be used.
# 	Arrays of 1 unpacked dimension inside classes will be logged if they have 1024 or fewer elements
# qwavedb_dumpvars: Initiating qwavedb class logging
# 
# 	Loading class filter file '/mnt/apps/public/COE/mg_apps/questa2024.2/questasim/bin/../linux_x86_64/VisualizerRls/bin/../config/uvmclassfilter.txt'
# 
# qwavedb_dumpvars: Done initiating qwavedb class logging
# 	Arrays of 1 unpacked dimension will be logged if they have 1024 or fewer elements
# Info: Enabling parallel (multi-threaded) wave dumping.
# 
# qwavedb_dumpvars: Done initiating qwavedb waveform capturing
# 
# Wave file "/mnt/ncsudrive/r/rsheth/ASIC_VERIF/ece745_projects/project_benches/lab_1/sim/qwave.db" has been overwritten as of 10:38:08 on 2025-02-14
# 10:38:08: Loading waveform header...
# 10:38:08: Loaded  waveform header
run 2000ns
# user write address transferred: 0x0
# 
# user data transferred: 0xc0
# 
# user write address transferred: 0x1
# 
# user data transferred: 0x05
# 
# user write address transferred: 0x2
# 
# user data transferred: 0x06
# 
# ERROR 
# user read address transferred: 0x2
# 
# user data transferred: 0x16
# 
# user write address transferred: 0x2
# 
# user data transferred: 0x04
# 
# Source file /mnt/ncsudrive/r/rsheth/ASIC_VERIF/ece745_projects/project_benches/lab_1/testbench/top.sv is more recent than the design data
restart -f
# qwavedb_dumpvars : Simulation ending at [0 200000] 0
# ========= Visualizer Dump Summary report =========
# 	 #Design Ids       = 129
# 	 #Assertion Ids    = 3
# 	 #Message Ids      = 2
# 	 #Total Ids        = 140
# 	 #Swaps            = 8
# 	  Id Memory        = 13.44 KB
# 	  Swap Memory      = 50.00 MB
# ========= End of Visualizer Dump Summary report =========
# Loading work.top(fast)
# Loading Siemens Visualizer shared object '/mnt/apps/public/COE/mg_apps/questa2024.2/questasim/bin/../linux_x86_64/VisualizerRls/bin/libqvisualizer.so'

# Initiating qwavedb class logging


# Done initiating qwavedb class logging
# qwavedb_dumpvars: Initiating qwavedb waveform capturing
# 
# Static tasks and functions will be logged.
# Qwave threading will not be used.
# 	Arrays of 1 unpacked dimension inside classes will be logged if they have 1024 or fewer elements
# qwavedb_dumpvars: Initiating qwavedb class logging
# 
# 	Loading class filter file '/mnt/apps/public/COE/mg_apps/questa2024.2/questasim/bin/../linux_x86_64/VisualizerRls/bin/../config/uvmclassfilter.txt'
# 
# qwavedb_dumpvars: Done initiating qwavedb class logging
# 	Arrays of 1 unpacked dimension will be logged if they have 1024 or fewer elements
# Info: Enabling parallel (multi-threaded) wave dumping.
# 
# qwavedb_dumpvars: Done initiating qwavedb waveform capturing
# 
# Wave file "/mnt/ncsudrive/r/rsheth/ASIC_VERIF/ece745_projects/project_benches/lab_1/sim/qwave.db" has been overwritten as of 10:40:05 on 2025-02-14
# 10:40:05: Loading waveform header...
# 10:40:05: Loaded  waveform header
run 2000ns
# user write address transferred: 0x0
# 
# user data transferred: 0xc0
# 
# user write address transferred: 0x1
# 
# user data transferred: 0x05
# 
# user write address transferred: 0x2
# 
# user data transferred: 0x06
# 
# ERROR 
# user read address transferred: 0x2
# 
# user data transferred: 0x16
# 
# user write address transferred: 0x2
# 
# user data transferred: 0x04
# 
# Window layout 'Default' saved in file: /mnt/ncsudrive/r/rsheth/.visualizer/layout.xml
# Saving coverage database on exit...
# Disable bg thread...
# qwavedb_dumpvars : Simulation ending at [0 200000] 0
# ========= Visualizer Dump Summary report =========
# 	 #Design Ids       = 129
# 	 #Assertion Ids    = 3
# 	 #Message Ids      = 2
# 	 #Total Ids        = 140
# 	 #Swaps            = 8
# 	  Id Memory        = 13.44 KB
# 	  Swap Memory      = 50.00 MB
# ========= End of Visualizer Dump Summary report =========
# End time: 10:41:43 on Feb 14,2025, Elapsed time: 0:06:31
# Errors: 0, Warnings: 0
# Start  : Fri 14 Feb 2025 10:34:51 AM EST
# End    : Fri 14 Feb 2025 10:41:43 AM EST
# VMSize : 6988160 kB
# VMPeak : 7083260 kB
# MaxRSS : 258812 kB
End time: 10:41:44 on Feb 14,2025, Elapsed time: 0:07:14
*** Summary *********************************************
    qrun: Errors:   0, Warnings:   0
    vcom: Errors:   0, Warnings:   0
    vlog: Errors:   0, Warnings:   0
    vopt: Errors:   0, Warnings:   0
    vsim: Errors:   0, Warnings:   0
  Totals: Errors:   0, Warnings:   0
